mike@penguin:~/hugo$ hugo
Start building sites … 
hugo v0.133.0-c9777473d1369f812d727a6c07dc57ad7be7bf62+extended linux/amd64 BuildDate=2024-08-17T19:57:41Z VendorInfo=gohugoio

WARN  Image Optimization: the image '/images/ranch-house.jpg' has not been found.
WARN  Image Optimization: the image '/images/vinyl-window-paint.webp' has not been found.
ERROR POSTCSS: failed to transform "/styles.css" (text/css): Error: Cannot find module '@fullhuman/postcss-purgecss'
Require stack:
- /home/mike/hugo/postcss.config.js
    at Module._resolveFilename (node:internal/modules/cjs/loader:1134:15)
    at Module._load (node:internal/modules/cjs/loader:975:27)
    at Module.require (node:internal/modules/cjs/loader:1225:19)
    at require (node:internal/modules/helpers:177:18)
    at Object.<anonymous> (/home/mike/hugo/postcss.config.js:1:18)
    at Module._compile (node:internal/modules/cjs/loader:1356:14)
    at Module._extensions..js (node:internal/modules/cjs/loader:1414:10)
    at Module.load (node:internal/modules/cjs/loader:1197:32)
    at Module._load (node:internal/modules/cjs/loader:1013:12)
    at ModuleWrap.<anonymous> (node:internal/modules/esm/translators:202:29) {
  code: 'MODULE_NOT_FOUND',
  requireStack: [ '/home/mike/hugo/postcss.config.js' ]
}
WARN  Image Optimization: the image '/images/Painter-for-a-Day-Crestwood_opt-1024x1024.jpg' has not been found.
WARN  Image Optimization: the image '/images/tn_Wallpaper-removal.jpg' has not been found.
WARN  Image Optimization: the image '/images/Ty-Esser.jpg' has not been found.
ERROR render of "page" failed: "/home/mike/hugo/layouts/_default/baseof.html:4:7": execute of template failed: template: blog/single.html:4:7: executing "blog/single.html" at <partial "head.html" .>: error calling partial: "/home/mike/hugo/layouts/partials/head.html:27:17": execute of template failed: template: partials/head.html:27:17: executing "partials/head.html" at <$styles.Content>: error calling Content: POSTCSS: failed to transform "/styles.css" (text/css): Error: Cannot find module '@fullhuman/postcss-purgecss'
Require stack:
- /home/mike/hugo/postcss.config.js
    at Module._resolveFilename (node:internal/modules/cjs/loader:1134:15)
    at Module._load (node:internal/modules/cjs/loader:975:27)
    at Module.require (node:internal/modules/cjs/loader:1225:19)
    at require (node:internal/modules/helpers:177:18)
    at Object.<anonymous> (/home/mike/hugo/postcss.config.js:1:18)
    at Module._compile (node:internal/modules/cjs/loader:1356:14)
    at Module._extensions..js (node:internal/modules/cjs/loader:1414:10)
    at Module.load (node:internal/modules/cjs/loader:1197:32)
    at Module._load (node:internal/modules/cjs/loader:1013:12)
    at ModuleWrap.<anonymous> (node:internal/modules/esm/translators:202:29) {
  code: 'MODULE_NOT_FOUND',
  requireStack: [ '/home/mike/hugo/postcss.config.js' ]
}
ERROR render of "term" failed: "/home/mike/hugo/layouts/_default/baseof.html:4:7": execute of template failed: template: blog/list.html:4:7: executing "blog/list.html" at <partial "head.html" .>: error calling partial: "/home/mike/hugo/layouts/partials/head.html:27:17": execute of template failed: template: partials/head.html:27:17: executing "partials/head.html" at <$styles.Content>: error calling Content: POSTCSS: failed to transform "/styles.css" (text/css): Error: Cannot find module '@fullhuman/postcss-purgecss'
Require stack:
- /home/mike/hugo/postcss.config.js
    at Module._resolveFilename (node:internal/modules/cjs/loader:1134:15)
    at Module._load (node:internal/modules/cjs/loader:975:27)
    at Module.require (node:internal/modules/cjs/loader:1225:19)
    at require (node:internal/modules/helpers:177:18)
    at Object.<anonymous> (/home/mike/hugo/postcss.config.js:1:18)
    at Module._compile (node:internal/modules/cjs/loader:1356:14)
    at Module._extensions..js (node:internal/modules/cjs/loader:1414:10)
    at Module.load (node:internal/modules/cjs/loader:1197:32)
    at Module._load (node:internal/modules/cjs/loader:1013:12)
    at ModuleWrap.<anonymous> (node:internal/modules/esm/translators:202:29) {
  code: 'MODULE_NOT_FOUND',
  requireStack: [ '/home/mike/hugo/postcss.config.js' ]
}
Total in 19129 ms
Error: error building site: POSTCSS: failed to transform "/styles.css" (text/css): Error: Cannot find module '@fullhuman/postcss-purgecss'
Require stack:
- /home/mike/hugo/postcss.config.js
    at Module._resolveFilename (node:internal/modules/cjs/loader:1134:15)
    at Module._load (node:internal/modules/cjs/loader:975:27)
    at Module.require (node:internal/modules/cjs/loader:1225:19)
    at require (node:internal/modules/helpers:177:18)
    at Object.<anonymous> (/home/mike/hugo/postcss.config.js:1:18)
    at Module._compile (node:internal/modules/cjs/loader:1356:14)
    at Module._extensions..js (node:internal/modules/cjs/loader:1414:10)
    at Module.load (node:internal/modules/cjs/loader:1197:32)
    at Module._load (node:internal/modules/cjs/loader:1013:12)
    at ModuleWrap.<anonymous> (node:internal/modules/esm/translators:202:29) {
  code: 'MODULE_NOT_FOUND',
  requireStack: [ '/home/mike/hugo/postcss.config.js' ]
}
mike@penguin:~/hugo$ 